/home/andreybali/IdeaProjects/FSPlugin/src/main/java/net/simple/forscore/plugin/Main.java
/home/andreybali/IdeaProjects/FSPlugin/src/main/java/net/simple/forscore/plugin/armorstand/ArmorPose.java
/home/andreybali/IdeaProjects/FSPlugin/src/main/java/net/simple/forscore/plugin/advancements/AchievementsAFK.java
/home/andreybali/IdeaProjects/FSPlugin/src/main/java/net/simple/forscore/plugin/experience/drop/ExpDrop.java
/home/andreybali/IdeaProjects/FSPlugin/src/main/java/net/simple/forscore/plugin/advancements/AchievIconList.java
/home/andreybali/IdeaProjects/FSPlugin/src/main/java/net/simple/forscore/plugin/advancements/Achievements.java
/home/andreybali/IdeaProjects/FSPlugin/src/main/java/net/simple/forscore/plugin/advancements/advanclist.java
/home/andreybali/IdeaProjects/FSPlugin/src/main/java/net/simple/forscore/plugin/advancements/CreateFile.java
/home/andreybali/IdeaProjects/FSPlugin/src/main/java/net/simple/forscore/plugin/armorstand/ArmorSpawn.java
/home/andreybali/IdeaProjects/FSPlugin/src/main/java/net/simple/forscore/plugin/discordsrv/LinkEvent.java
/home/andreybali/IdeaProjects/FSPlugin/src/main/java/net/simple/forscore/plugin/raidfix/RaidFix.java
